Microchip MPLAB XC8 Compiler V3.00

Linker command line:

-W-3 \
  --edf=C:\Program Files\Microchip\xc8\v3.00\pic\dat\20241204225717_en.msgs \
  -cn -h+dist/default/debug\final_project.X.debug.sym \
  --cmf=dist/default/debug\final_project.X.debug.cmf -z -Q18F4520 \
  -oC:\Users\karen\AppData\Local\Temp\xcAspmk.\driver_tmp_3.o \
  --defsym=__MPLAB_BUILD=1 --fixupoverflow=error \
  -Mdist/default/debug/final_project.X.debug.map \
  --md=C:\Users\karen\AppData\Local\Temp\xcAspmk.\driver_tmp_0.dat -E1 \
  -ver=XC8 Compiler -ACODE=00h-07DBFh -ACONST=00h-07DBFh \
  -ASMALLCONST=0600h-06FFhx119,07D00h-07DBFh -AMEDIUMCONST=0600h-07DBFh \
  -ACOMRAM=01h-07Fh -AABS1=00h-05F3h -ABIGRAM=01h-05F3h \
  -ARAM=080h-0FFh,0100h-01FFhx4,0500h-05F3h -ABANK0=080h-0FFh \
  -ABANK1=0100h-01FFh -ABANK2=0200h-02FFh -ABANK3=0300h-03FFh \
  -ABANK4=0400h-04FFh -ABANK5=0500h-05F3h \
  -ASFR=0F80h-0F9Bh,0F9Dh-0FD3h,0FD5h-0FDAh,0FE0h-0FE2h,0FE8h-0FEAh,0FF0h-0FFCh \
  -ABIGSFR=0F80h-0F9Bh,0F9Dh-0FD3h,0FD5h-0FDAh,0FE0h-0FE2h,0FE8h-0FEAh,0FF0h-0FFCh \
  -ACONFIG=0300000h-030000Dh -AIDLOC=0200000h-0200007h \
  -AEEDATA=0F00000h-0F000FFh -peeprom_data=EEDATA \
  -preset_vec=00h,intcode=8h,intcodelo=18h,sivt_lo,sivt_hi=CODE \
  -ppowerup=CODE,init -pramtop=0600h -psmallconst=SMALLCONST \
  -pmediumconst=MEDIUMCONST -pconst=CONST -AFARRAM=00h-00h \
  -prdata=COMRAM,nvrram=COMRAM,nvbit=COMRAM,rbss=COMRAM,rbit=COMRAM \
  -pfarbss=FARRAM,fardata=FARRAM,nvFARRAM=FARRAM \
  -pintsave_regs=BIGRAM,bigbss=BIGRAM,bigdata=BIGRAM -pbss=RAM \
  -pidata=CODE,irdata=CODE,ibigdata=CODE,ifardata=CODE -prparam=COMRAM \
  C:\Users\karen\AppData\Local\Temp\xcAspmk.\driver_tmp_14.o \
  dist/default/debug\final_project.X.debug.o 

Object code version is 3.11

Machine type is 18F4520



                Name                               Link     Load   Length Selector   Space Scale
C:\Users\karen\AppData\Local\Temp\xcAspmk.\driver_tmp_14.o
                idloc                            200000   200000        8        0       5
                config                           300000   300000        E        0       4
                init                                 D8       D8        4        C       0
                reset_vec                             0        0        4        0       0
dist/default/debug\final_project.X.debug.o
                intcodelo                            18       18       C0        C       0
                intcode                               8        8        6        4       0
                idloc                            200000   200000        8        0       5
                config                           300000   300000        E        0       4
                temp                                 6A       6A        1        1       1
                smallconst                          600      600       82      300       0
                text38                             16F2     16F2       1C      341       0
                text37                             1356     1356       56      341       0
                intcode_body                        E3E      E3E       A0      341       0
                text35                             16D6     16D6       1C      341       0
                text33                             151E     151E       40      341       0
                text32                             11E8     11E8       64      341       0
                text31                             117E     117E       6A      341       0
                text30                             1112     1112       6C      341       0
                text29                              BEE      BEE       E4      341       0
                text28                             13FE     13FE       4E      341       0
                text27                             109E     109E       74      341       0
                text26                             1762     1762        2      BB1       0
                text25                              D94      D94       AA      341       0
                text24                              86E      86E      16A      341       0
                text23                             159C     159C       3E      341       0
                text22                             1612     1612       34      341       0
                text21                             1742     1742       1A      341       0
                text20                             1646     1646       2E      341       0
                text19                             16BA     16BA       1C      341       0
                text18                             1300     1300       56      341       0
                text17                             13AC     13AC       52      341       0
                text16                             1728     1728       1A      341       0
                text15                             14DA     14DA       44      341       0
                text14                              9D8      9D8      10C      341       0
                text13                              CD2      CD2       C2      341       0
                text12                              AE4      AE4      10A      341       0
                text11                             155E     155E       3E      341       0
                text10                             144C     144C       48      341       0
                text9                              12A6     12A6       5A      341       0
                text8                              124C     124C       5A      341       0
                text7                               F78      F78       96      341       0
                text6                               EDE      EDE       9A      341       0
                text5                               682      682      1EC      341       0
                text4                              169C     169C       1E      341       0
                text3                              1674     1674       28      341       0
                text2                              170E     170E       1A      341       0
                text1                              15DA     15DA       38      341       0
                text0                              100E     100E       90      341       0
                cstackCOMRAM                          1        1       50        1       1
                cstackBANK0                          EA       EA        E       80       1
                bssBANK0                             80       80       6A       80       1
                dataCOMRAM                           65       65        5        1       1
                bssCOMRAM                            51       51       14        1       1
                cinit                              1494     1494       46      341       0
                idataCOMRAM                        175C     175C        5      341       0

TOTAL           Name                               Link     Load   Length     Space
        CLASS   CODE           
                intcodelo                            18       18       C0         0
                intcode                               8        8        6         0
                init                                 D8       D8        4         0
                reset_vec                             0        0        4         0
                text38                             16F2     16F2       1C         0
                text37                             1356     1356       56         0
                intcode_body                        E3E      E3E       A0         0
                text35                             16D6     16D6       1C         0
                text33                             151E     151E       40         0
                text32                             11E8     11E8       64         0
                text31                             117E     117E       6A         0
                text30                             1112     1112       6C         0
                text29                              BEE      BEE       E4         0
                text28                             13FE     13FE       4E         0
                text27                             109E     109E       74         0
                text26                             1762     1762        2         0
                text25                              D94      D94       AA         0
                text24                              86E      86E      16A         0
                text23                             159C     159C       3E         0
                text22                             1612     1612       34         0
                text21                             1742     1742       1A         0
                text20                             1646     1646       2E         0
                text19                             16BA     16BA       1C         0
                text18                             1300     1300       56         0
                text17                             13AC     13AC       52         0
                text16                             1728     1728       1A         0
                text15                             14DA     14DA       44         0
                text14                              9D8      9D8      10C         0
                text13                              CD2      CD2       C2         0
                text12                              AE4      AE4      10A         0
                text11                             155E     155E       3E         0
                text10                             144C     144C       48         0
                text9                              12A6     12A6       5A         0
                text8                              124C     124C       5A         0
                text7                               F78      F78       96         0
                text6                               EDE      EDE       9A         0
                text5                               682      682      1EC         0
                text4                              169C     169C       1E         0
                text3                              1674     1674       28         0
                text2                              170E     170E       1A         0
                text1                              15DA     15DA       38         0
                text0                              100E     100E       90         0
                cinit                              1494     1494       46         0
                idataCOMRAM                        175C     175C        5         0

        CLASS   CONST          

        CLASS   SMALLCONST     
                smallconst                          600      600       82         0

        CLASS   MEDIUMCONST    

        CLASS   COMRAM         
                temp                                 6A       6A        1         1
                cstackCOMRAM                          1        1       50         1
                dataCOMRAM                           65       65        5         1
                bssCOMRAM                            51       51       14         1

        CLASS   ABS1           

        CLASS   BIGRAM         

        CLASS   RAM            

        CLASS   BANK0          
                cstackBANK0                          EA       EA        E         1
                bssBANK0                             80       80       6A         1

        CLASS   BANK1          

        CLASS   BANK2          

        CLASS   BANK3          

        CLASS   BANK4          

        CLASS   BANK5          

        CLASS   SFR            

        CLASS   BIGSFR         

        CLASS   CONFIG         
                config                           300000   300000        E         4

        CLASS   IDLOC          
                idloc                            200000   200000        8         5

        CLASS   EEDATA         

        CLASS   FARRAM         

        CLASS   HEAP           

        CLASS   STACK          



SEGMENTS        Name                           Load    Length   Top    Selector   Space  Class

                reset_vec                      000000  000004  000004         0       0  CODE    
                cstackCOMRAM                   000001  00006A  00006B         1       1  COMRAM  
                intcode                        000008  000006  00000E         4       0  CODE    
                intcodelo                      000018  0000C4  0000DC         C       0  CODE    
                bssBANK0                       000080  000078  0000F8        80       1  BANK0   
                smallconst                     000600  000082  000682       300       0  SMALLCON
                text5                          000682  0010DF  001761       341       0  CODE    
                text26                         001762  000002  001764       BB1       0  CODE    


UNUSED ADDRESS RANGES

        Name                Unused          Largest block    Delta
        BANK0            0000F8-0000FF                8
        BANK1            000100-0001FF              100
        BANK2            000200-0002FF              100
        BANK3            000300-0003FF              100
        BANK4            000400-0004FF              100
        BANK5            000500-0005F3               F4
        BIGRAM           00006B-00007F               15
                         0000F8-0005F3              4FC
        BIGSFR           000F80-000F9B               1C
                         000F9D-000FD3               37
                         000FD5-000FDA                6
                         000FE0-000FE2                3
                         000FE8-000FEA                3
                         000FF0-000FFC                D
        CODE             000004-000007                4
                         00000E-000017                A
                         0000DC-0005FF              524
                         001761-001761                1
                         001764-007DBF             665C
        COMRAM           00006B-00007F               15
        CONST            000004-000007                4
                         00000E-000017                A
                         0000DC-0005FF              524
                         001761-001761                1
                         001764-007DBF             665C
        EEDATA           F00000-F000FF              100
        MEDIUMCONST      001761-001761                1
                         001764-007DBF             665C
        RAM              0000F8-0005F3              100
        SFR              000F80-000F9B               1C
                         000F9D-000FD3               37
                         000FD5-000FDA                6
                         000FE0-000FE2                3
                         000FE8-000FEA                3
                         000FF0-000FFC                D
        SMALLCONST       001761-001761                1
                         001764-007DBF              100

                                  Symbol Table

?___awdiv                      cstackCOMRAM 000016
?___lmul                       cstackCOMRAM 000016
?___lwdiv                      cstackCOMRAM 000016
?___lwmod                      cstackCOMRAM 000028
?_atoi                         cstackCOMRAM 000016
?_rand                         cstackCOMRAM 000022
?_sprintf                      cstackCOMRAM 00003B
?_strcspn                      cstackCOMRAM 00001A
?_strlen                       cstackCOMRAM 000016
?_strspn                       cstackCOMRAM 00001A
?_vfprintf                     cstackCOMRAM 000037
_ADCON1                        (abs)        000FC1
_BAUDCONbits                   (abs)        000FB8
_INTCON2bits                   (abs)        000FF1
_INTCONbits                    (abs)        000FF2
_IPR1bits                      (abs)        000F9F
_LATBbits                      (abs)        000F8A
_LATDbits                      (abs)        000F8C
_OSCCONbits                    (abs)        000FD3
_PIE1bits                      (abs)        000F9D
_PIR1bits                      (abs)        000F9E
_RCONbits                      (abs)        000FD0
_RCREG                         (abs)        000FAE
_RCSTAbits                     (abs)        000FAB
_SPBRG                         (abs)        000FAF
_SPBRGH                        (abs)        000FB0
_T0CONbits                     (abs)        000FD5
_T1CONbits                     (abs)        000FCD
_TMR0H                         (abs)        000FD7
_TMR0L                         (abs)        000FD6
_TMR1H                         (abs)        000FCF
_TMR1L                         (abs)        000FCE
_TRISBbits                     (abs)        000F93
_TRISCbits                     (abs)        000F94
_TRISDbits                     (abs)        000F95
_TXREG                         (abs)        000FAD
_TXSTAbits                     (abs)        000FAC
__HRAM                         (abs)        000000
__H__absolute__                __absolute__ 000000
__Habs1                        abs1         000000
__Hbank0                       bank0        000000
__Hbank1                       bank1        000000
__Hbank2                       bank2        000000
__Hbank3                       bank3        000000
__Hbank4                       bank4        000000
__Hbank5                       bank5        000000
__Hbigbss                      bigbss       000000
__Hbigdata                     bigdata      000000
__Hbigram                      bigram       000000
__Hbigsfr                      bigsfr       000000
__Hbss                         bss          000000
__HbssBANK0                    bssBANK0     000000
__HbssCOMRAM                   bssCOMRAM    000000
__Hcinit                       cinit        000000
__Hclrtext                     clrtext      000000
__Hcomram                      comram       000000
__Hconfig                      config       30000E
__Hconst                       const        000000
__HcstackBANK0                 cstackBANK0  000000
__HcstackCOMRAM                cstackCOMRAM 000000
__Hdata                        data         000000
__HdataCOMRAM                  dataCOMRAM   000000
__Heeprom_data                 eeprom_data  000000
__Hfarbss                      farbss       000000
__Hfardata                     fardata      000000
__Hheap                        heap         000000
__Hibigdata                    ibigdata     000000
__Hidata                       idata        000000
__HidataCOMRAM                 idataCOMRAM  000000
__Hidloc                       idloc        200008
__Hifardata                    ifardata     000000
__Hinit                        init         0000DC
__Hintcode                     intcode      00000E
__Hintcode_body                intcode_body 000000
__Hintcodelo                   intcodelo    0000D8
__Hintentry                    intentry     000000
__Hintret                      intret       000000
__Hintsave_regs                intsave_regs 000000
__Hirdata                      irdata       000000
__Hmediumconst                 mediumconst  000000
__HnvFARRAM                    nvFARRAM     000000
__Hnvbit                       nvbit        000000
__Hnvrram                      nvrram       000000
__Hparam                       rparam       000000
__Hpowerup                     powerup      000000
__Hram                         ram          000000
__Hramtop                      ramtop       000600
__Hrbit                        rbit         000000
__Hrbss                        rbss         000000
__Hrdata                       rdata        000000
__Hreset_vec                   reset_vec    000004
__Hrparam                      rparam       000000
__Hsfr                         sfr          000000
__Hsivt_hi                     sivt_hi      000000
__Hsivt_lo                     sivt_lo      0000D8
__Hsmallconst                  smallconst   000682
__Hspace_0                     (abs)        001764
__Hspace_1                     (abs)        0000F8
__Hspace_2                     (abs)        000000
__Hspace_4                     (abs)        60000E
__Hstack                       stack        000000
__Hstruct                      struct       000000
__Htemp                        temp         00006B
__Htext                        text         000000
__Htext0                       text0        000000
__Htext1                       text1        000000
__Htext10                      text10       000000
__Htext11                      text11       000000
__Htext12                      text12       000000
__Htext13                      text13       000000
__Htext14                      text14       000000
__Htext15                      text15       000000
__Htext16                      text16       000000
__Htext17                      text17       000000
__Htext18                      text18       000000
__Htext19                      text19       000000
__Htext2                       text2        000000
__Htext20                      text20       000000
__Htext21                      text21       000000
__Htext22                      text22       000000
__Htext23                      text23       000000
__Htext24                      text24       000000
__Htext25                      text25       000000
__Htext26                      text26       000000
__Htext27                      text27       000000
__Htext28                      text28       000000
__Htext29                      text29       000000
__Htext3                       text3        000000
__Htext30                      text30       000000
__Htext31                      text31       000000
__Htext32                      text32       000000
__Htext33                      text33       000000
__Htext35                      text35       000000
__Htext37                      text37       000000
__Htext38                      text38       000000
__Htext4                       text4        000000
__Htext5                       text5        000000
__Htext6                       text6        000000
__Htext7                       text7        000000
__Htext8                       text8        000000
__Htext9                       text9        000000
__LRAM                         (abs)        000001
__L__absolute__                __absolute__ 000000
__Labs1                        abs1         000000
__Lbank0                       bank0        000000
__Lbank1                       bank1        000000
__Lbank2                       bank2        000000
__Lbank3                       bank3        000000
__Lbank4                       bank4        000000
__Lbank5                       bank5        000000
__Lbigbss                      bigbss       000000
__Lbigdata                     bigdata      000000
__Lbigram                      bigram       000000
__Lbigsfr                      bigsfr       000000
__Lbss                         bss          000000
__LbssBANK0                    bssBANK0     000000
__LbssCOMRAM                   bssCOMRAM    000000
__Lcinit                       cinit        000000
__Lclrtext                     clrtext      000000
__Lcomram                      comram       000000
__Lconfig                      config       000000
__Lconst                       const        000000
__LcstackBANK0                 cstackBANK0  000000
__LcstackCOMRAM                cstackCOMRAM 000000
__Ldata                        data         000000
__LdataCOMRAM                  dataCOMRAM   000000
__Leeprom_data                 eeprom_data  000000
__Lfarbss                      farbss       000000
__Lfardata                     fardata      000000
__Lheap                        heap         000000
__Libigdata                    ibigdata     000000
__Lidata                       idata        000000
__LidataCOMRAM                 idataCOMRAM  000000
__Lidloc                       idloc        000000
__Lifardata                    ifardata     000000
__Linit                        init         0000D8
__Lintcode                     intcode      000008
__Lintcode_body                intcode_body 000000
__Lintcodelo                   intcodelo    000018
__Lintentry                    intentry     000000
__Lintret                      intret       000000
__Lintsave_regs                intsave_regs 000000
__Lirdata                      irdata       000000
__Lmediumconst                 mediumconst  000000
__LnvFARRAM                    nvFARRAM     000000
__Lnvbit                       nvbit        000000
__Lnvrram                      nvrram       000000
__Lparam                       rparam       000000
__Lpowerup                     powerup      000000
__Lram                         ram          000000
__Lramtop                      ramtop       000600
__Lrbit                        rbit         000000
__Lrbss                        rbss         000000
__Lrdata                       rdata        000000
__Lreset_vec                   reset_vec    000000
__Lrparam                      rparam       000000
__Lsfr                         sfr          000000
__Lsivt_hi                     sivt_hi      000000
__Lsivt_lo                     sivt_lo      0000D8
__Lsmallconst                  smallconst   000600
__Lspace_0                     (abs)        000000
__Lspace_1                     (abs)        000000
__Lspace_2                     (abs)        000000
__Lspace_4                     (abs)        000000
__Lstack                       stack        000000
__Lstruct                      struct       000000
__Ltemp                        temp         00006A
__Ltext                        text         000000
__Ltext0                       text0        000000
__Ltext1                       text1        000000
__Ltext10                      text10       000000
__Ltext11                      text11       000000
__Ltext12                      text12       000000
__Ltext13                      text13       000000
__Ltext14                      text14       000000
__Ltext15                      text15       000000
__Ltext16                      text16       000000
__Ltext17                      text17       000000
__Ltext18                      text18       000000
__Ltext19                      text19       000000
__Ltext2                       text2        000000
__Ltext20                      text20       000000
__Ltext21                      text21       000000
__Ltext22                      text22       000000
__Ltext23                      text23       000000
__Ltext24                      text24       000000
__Ltext25                      text25       000000
__Ltext26                      text26       000000
__Ltext27                      text27       000000
__Ltext28                      text28       000000
__Ltext29                      text29       000000
__Ltext3                       text3        000000
__Ltext30                      text30       000000
__Ltext31                      text31       000000
__Ltext32                      text32       000000
__Ltext33                      text33       000000
__Ltext35                      text35       000000
__Ltext37                      text37       000000
__Ltext38                      text38       000000
__Ltext4                       text4        000000
__Ltext5                       text5        000000
__Ltext6                       text6        000000
__Ltext7                       text7        000000
__Ltext8                       text8        000000
__Ltext9                       text9        000000
__S0                           (abs)        001764
__S1                           (abs)        0000F8
__S4                           (abs)        000000
__S5                           (abs)        000000
___awdiv                       text13       000CD2
___awdiv@counter               cstackCOMRAM 00001A
___awdiv@dividend              cstackCOMRAM 000016
___awdiv@divisor               cstackCOMRAM 000018
___awdiv@quotient              cstackCOMRAM 00001C
___awdiv@sign                  cstackCOMRAM 00001B
___heap_hi                     (abs)        000000
___heap_lo                     (abs)        000000
___inthi_sp                    stack        000000
___inthi_stack_hi              stack        000000
___inthi_stack_lo              stack        000000
___intlo_sp                    stack        000000
___intlo_stack_hi              stack        000000
___intlo_stack_lo              stack        000000
___lmul                        text31       00117E
___lmul@multiplicand           cstackCOMRAM 00001A
___lmul@multiplier             cstackCOMRAM 000016
___lmul@product                cstackCOMRAM 00001E
___lwdiv                       text27       00109E
___lwdiv@counter               cstackCOMRAM 00001A
___lwdiv@dividend              cstackCOMRAM 000016
___lwdiv@divisor               cstackCOMRAM 000018
___lwdiv@quotient              cstackCOMRAM 00001B
___lwmod                       text32       0011E8
___lwmod@counter               cstackCOMRAM 00002C
___lwmod@dividend              cstackCOMRAM 000028
___lwmod@divisor               cstackCOMRAM 00002A
___param_bank                  (abs)        000000
___rparam_used                 (abs)        000001
___sp                          stack        000000
___stack_hi                    stack        000000
___stack_lo                    stack        000000
__accesstop                    (abs)        000080
__activetblptr                 (abs)        000002
__end_of___awdiv               text13       000D94
__end_of___lmul                text31       0011E8
__end_of___lwdiv               text27       001112
__end_of___lwmod               text32       00124C
__end_of__initialization       cinit        0014CC
__end_of_atoi                  text14       000AE4
__end_of_check_apple_eaten     text33       00155E
__end_of_feed_snake_packet     text11       00159C
__end_of_fputc                 text25       000E3E
__end_of_generate_apple        text29       000CD2
__end_of_hand_game_start       text16       001742
__end_of_handle_game_over      text15       00151E
__end_of_high_isr              intcode_body 000EDE
__end_of_io_init               text4        0016BA
__end_of_low_isr               intcodelo    0000D8
__end_of_main                  text0        00109E
__end_of_notice_to_music       text28       00144C
__end_of_parse_command_from_pc text6        000F78
__end_of_play_game             text5        00086E
__end_of_putch                 text26       001764
__end_of_rand                  text30       00117E
__end_of_sprintf               text22       001646
__end_of_srand                 text21       00175C
__end_of_srand_init            text17       0013FE
__end_of_strchr                text10       001494
__end_of_strcspn               text9        001300
__end_of_strlen                text20       001674
__end_of_strspn                text8        0012A6
__end_of_strtok                text7        00100E
__end_of_system_init           text2        001728
__end_of_timer_init            text3        00169C
__end_of_uart_init             text1        001612
__end_of_uart_rx_from_player   text12       000BEE
__end_of_uart_send             text19       0016D6
__end_of_uart_send_array       text18       001356
__end_of_vfpfcnvrt             text24       0009D8
__end_of_vfprintf              text23       0015DA
__end_ofi1_uart_send           text35       0016F2
__end_ofi2_uart_send           text38       00170E
__end_ofi2_uart_send_array     text37       0013AC
__initialization               cinit        001494
__mediumconst                  smallconst   000600
__pbssBANK0                    bssBANK0     000080
__pbssCOMRAM                   bssCOMRAM    000051
__pcinit                       cinit        001494
__pcstackBANK0                 cstackBANK0  0000EA
__pcstackCOMRAM                cstackCOMRAM 000001
__pdataCOMRAM                  dataCOMRAM   000065
__pidataCOMRAM                 idataCOMRAM  00175C
__pintcode                     intcode      000008
__pintcode_body                intcode_body 000E3E
__pintcodelo                   intcodelo    000018
__psmallconst                  smallconst   000600
__ptext0                       text0        00100E
__ptext1                       text1        0015DA
__ptext10                      text10       00144C
__ptext11                      text11       00155E
__ptext12                      text12       000AE4
__ptext13                      text13       000CD2
__ptext14                      text14       0009D8
__ptext15                      text15       0014DA
__ptext16                      text16       001728
__ptext17                      text17       0013AC
__ptext18                      text18       001300
__ptext19                      text19       0016BA
__ptext2                       text2        00170E
__ptext20                      text20       001646
__ptext21                      text21       001742
__ptext22                      text22       001612
__ptext23                      text23       00159C
__ptext24                      text24       00086E
__ptext25                      text25       000D94
__ptext26                      text26       001762
__ptext27                      text27       00109E
__ptext28                      text28       0013FE
__ptext29                      text29       000BEE
__ptext3                       text3        001674
__ptext30                      text30       001112
__ptext31                      text31       00117E
__ptext32                      text32       0011E8
__ptext33                      text33       00151E
__ptext35                      text35       0016D6
__ptext37                      text37       001356
__ptext38                      text38       0016F2
__ptext4                       text4        00169C
__ptext5                       text5        000682
__ptext6                       text6        000EDE
__ptext7                       text7        000F78
__ptext8                       text8        00124C
__ptext9                       text9        0012A6
__ramtop                       ramtop       000600
__smallconst                   smallconst   000600
_apple_eaten                   bssCOMRAM    000060
_atoi                          text14       0009D8
_buff                          bssBANK0     0000A0
_check_apple_eaten             text33       00151E
_dbuf                          bssBANK0     000080
_feed_snake_packet             text11       00155E
_first_frame                   dataCOMRAM   000069
_flags                         bssCOMRAM    000058
_fputc                         text25       000D94
_game_start                    bssCOMRAM    00005D
_generate_apple                text29       000BEE
_hand_game_start               text16       001728
_handle_game_over              text15       0014DA
_high_isr                      intcode      000008
_io_init                       text4        00169C
_is_game_over                  bssCOMRAM    00005F
_low_isr                       intcodelo    000018
_main                          text0        00100E
_notice_to_music               text28       0013FE
_parse_command_from_pc         text6        000EDE
_play_game                     text5        000682
_pos                           bssBANK0     0000E0
_prec                          bssCOMRAM    000053
_putch                         text26       001762
_rand                          text30       001112
_sec_counter                   bssCOMRAM    000055
_seed                          bssCOMRAM    000061
_snake_updated                 bssCOMRAM    00005E
_sprintf                       text22       001612
_srand                         text21       001742
_srand_init                    text17       0013AC
_strchr                        text10       00144C
_strcspn                       text9        0012A6
_strlen                        text20       001646
_strspn                        text8        00124C
_strtok                        text7        000F78
_system_init                   text2        00170E
_timer_init                    text3        001674
_uart_init                     text1        0015DA
_uart_line_ready               bssCOMRAM    00005C
_uart_rx_buf                   bssBANK0     0000C0
_uart_rx_from_player           text12       000AE4
_uart_rx_idx                   bssCOMRAM    00005B
_uart_send                     text19       0016BA
_uart_send_array               text18       001300
_vfpfcnvrt                     text24       00086E
_vfprintf                      text23       00159C
_width                         bssCOMRAM    000051
atoi@n                         cstackCOMRAM 00001C
atoi@neg                       cstackCOMRAM 00001B
atoi@s                         cstackCOMRAM 000016
btemp                          temp         00006A
check_apple_eaten@apple_x      cstackCOMRAM 000019
check_apple_eaten@apple_y      cstackCOMRAM 000016
check_apple_eaten@pos          cstackCOMRAM 000017
end_of_initialization          cinit        0014CC
feed_snake_packet@i            cstackCOMRAM 000024
feed_snake_packet@pos          cstackCOMRAM 000023
fputc@c                        cstackCOMRAM 000016
fputc@fp                       cstackCOMRAM 000018
generate_apple@i               cstackCOMRAM 000035
generate_apple@is_different    cstackCOMRAM 000034
generate_apple@len             cstackCOMRAM 000030
generate_apple@pos             cstackCOMRAM 00002F
generate_apple@x               cstackCOMRAM 00002D
generate_apple@y               cstackCOMRAM 00002E
i1_uart_send                   text35       0016D6
i1uart_send@c                  cstackCOMRAM 00000F
i2_uart_send                   text38       0016F2
i2_uart_send_array             text37       001356
i2uart_send@c                  cstackCOMRAM 000001
i2uart_send_array@c            cstackCOMRAM 000002
i2uart_send_array@i            cstackCOMRAM 000008
i2uart_send_array@len          cstackCOMRAM 000004
int$flags                      temp         00006A
int_func                       intcode_body 000E3E
intlevel0                      text         000000
intlevel1                      text         000000
intlevel2                      text         000000
intlevel3                      text         000000
isa$std                        (abs)        000001
isa$xinst                      (abs)        000000
low_isr@c                      cstackCOMRAM 000015
main@apple_x                   cstackBANK0  0000F6
main@apple_y                   cstackBANK0  0000F7
notice_to_music@type           cstackCOMRAM 000016
parse_command_from_pc@idx      cstackCOMRAM 000031
parse_command_from_pc@line     cstackCOMRAM 000026
parse_command_from_pc@p        cstackCOMRAM 000030
parse_command_from_pc@pos      cstackCOMRAM 000028
parse_command_from_pc@token    cstackCOMRAM 000032
parse_command_from_pc@val      cstackCOMRAM 00002E
play_game@apple_x              cstackBANK0  0000EA
play_game@apple_y              cstackBANK0  0000EC
play_game@i                    cstackBANK0  0000F0
play_game@i_1138               cstackBANK0  0000F2
sprintf@ap                     cstackCOMRAM 000041
sprintf@f                      cstackCOMRAM 000042
sprintf@fmt                    cstackCOMRAM 00003C
sprintf@s                      cstackCOMRAM 00003B
srand@s                        cstackCOMRAM 000016
srand_init@seed                cstackCOMRAM 00004F
stackhi                        (abs)        000000
stacklo                        (abs)        000000
start                          init         0000D8
start_initialization           cinit        001494
strchr@c                       cstackCOMRAM 000017
strchr@s                       cstackCOMRAM 000016
strcspn@c                      cstackCOMRAM 00001B
strcspn@i                      cstackCOMRAM 00001D
strcspn@s                      cstackCOMRAM 00001A
strlen@a                       cstackCOMRAM 000018
strlen@s                       cstackCOMRAM 000016
strspn@c                       cstackCOMRAM 00001B
strspn@i                       cstackCOMRAM 00001D
strspn@s                       cstackCOMRAM 00001A
strtok@p                       bssCOMRAM    000057
strtok@s                       cstackCOMRAM 00001F
strtok@sep                     cstackCOMRAM 000020
ttemp5                         temp         00006B
ttemp6                         temp         00006E
ttemp7                         temp         000072
uart_init@brg16                cstackCOMRAM 00001C
uart_init@brgh                 cstackCOMRAM 00001A
uart_init@gen_reg              cstackCOMRAM 000016
uart_init@sync                 cstackCOMRAM 000018
uart_rx_from_player@c          cstackCOMRAM 000022
uart_rx_from_player@rx_index   bssCOMRAM    000059
uart_rx_from_player@rx_state   bssCOMRAM    00005A
uart_send@c                    cstackCOMRAM 000016
uart_send_array@c              cstackCOMRAM 000019
uart_send_array@i              cstackCOMRAM 00001F
uart_send_array@len            cstackCOMRAM 00001B
vfpfcnvrt@ap                   cstackCOMRAM 00002F
vfpfcnvrt@c                    cstackCOMRAM 000036
vfpfcnvrt@convarg              cstackCOMRAM 000031
vfpfcnvrt@cp                   cstackCOMRAM 000035
vfpfcnvrt@fmt                  cstackCOMRAM 00002E
vfpfcnvrt@fp                   cstackCOMRAM 00002D
vfprintf@ap                    cstackCOMRAM 000039
vfprintf@cfmt                  cstackCOMRAM 00003A
vfprintf@fmt                   cstackCOMRAM 000038
vfprintf@fp                    cstackCOMRAM 000037
wtemp8                         temp         00006B


MODULE INFORMATION

Module		Function		Class		Link	Load	Size
C:\Program Files\Microchip\xc8\v3.00\pic\sources\c99\common\strspn.c
		_strspn        		CODE           	124C	0000	90

C:\Program Files\Microchip\xc8\v3.00\pic\sources\c99\common\strspn.c estimated size: 90

putty_test.c
		_feed_snake_packet		CODE           	155E	0000	62
		_parse_command_from_pc		CODE           	0EDE	0000	154

putty_test.c estimated size: 216

C:\Program Files\Microchip\xc8\v3.00\pic\sources\c99\common\nf_fputc.c
		_fputc         		CODE           	0D94	0000	170

C:\Program Files\Microchip\xc8\v3.00\pic\sources\c99\common\nf_fputc.c estimated size: 170

C:\Program Files\Microchip\xc8\v3.00\pic\sources\c99\common\nf_sprintf.c
		_sprintf       		CODE           	1612	0000	52

C:\Program Files\Microchip\xc8\v3.00\pic\sources\c99\common\nf_sprintf.c estimated size: 52

C:\Program Files\Microchip\xc8\v3.00\pic\sources\c99\common\strtok.c
		_strtok        		CODE           	0F78	0000	150

C:\Program Files\Microchip\xc8\v3.00\pic\sources\c99\common\strtok.c estimated size: 150

C:\Program Files\Microchip\xc8\v3.00\pic\sources\c99\common\rand.c
		_srand         		CODE           	1742	0000	26
		_rand          		CODE           	1112	0000	108

C:\Program Files\Microchip\xc8\v3.00\pic\sources\c99\common\rand.c estimated size: 134

C:\Program Files\Microchip\xc8\v3.00\pic\sources\c99\common\lwmod.c
		___lwmod       		CODE           	11E8	0000	100

C:\Program Files\Microchip\xc8\v3.00\pic\sources\c99\common\lwmod.c estimated size: 100

C:\Program Files\Microchip\xc8\v3.00\pic\sources\c99\common\atoi.c
		_atoi          		CODE           	09D8	0000	268

C:\Program Files\Microchip\xc8\v3.00\pic\sources\c99\common\atoi.c estimated size: 268

C:\Program Files\Microchip\xc8\v3.00\pic\sources\c99\common\putch.c
		_putch         		CODE           	1762	0000	2

C:\Program Files\Microchip\xc8\v3.00\pic\sources\c99\common\putch.c estimated size: 2

C:\Program Files\Microchip\xc8\v3.00\pic\sources\c99\common\Umul32.c
		___lmul        		CODE           	117E	0000	106

C:\Program Files\Microchip\xc8\v3.00\pic\sources\c99\common\Umul32.c estimated size: 106

shared
		i2_uart_send_array		CODE           	1356	0000	86
		__initialization		CODE           	1494	0000	56
		i1_uart_send   		CODE           	16D6	0000	28
		i2_uart_send   		CODE           	16F2	0000	28

shared estimated size: 198

master.c
		_system_init   		CODE           	170E	0000	26
		_notice_to_music		CODE           	13FE	0000	78
		_check_apple_eaten		CODE           	151E	0000	64
		_handle_game_over		CODE           	14DA	0000	68
		_timer_init    		CODE           	1674	0000	40
		_srand_init    		CODE           	13AC	0000	82
		_io_init       		CODE           	169C	0000	30
		_play_game     		CODE           	0682	0000	492
		_hand_game_start		CODE           	1728	0000	26
		_generate_apple		CODE           	0BEE	0000	228

master.c estimated size: 1134

uart_layer.c
		_uart_send_array		CODE           	1300	0000	86
		_uart_init     		CODE           	15DA	0000	56
		_uart_send     		CODE           	16BA	0000	28
		_uart_rx_from_player		CODE           	0AE4	0000	266

uart_layer.c estimated size: 436

C:\Program Files\Microchip\xc8\v3.00\pic\sources\c99\common\strlen.c
		_strlen        		CODE           	1646	0000	46

C:\Program Files\Microchip\xc8\v3.00\pic\sources\c99\common\strlen.c estimated size: 46

C:\Program Files\Microchip\xc8\v3.00\pic\sources\c99\common\strchr.c
		_strchr        		CODE           	144C	0000	72

C:\Program Files\Microchip\xc8\v3.00\pic\sources\c99\common\strchr.c estimated size: 72

C:\Program Files\Microchip\xc8\v3.00\pic\sources\c99\common\lwdiv.c
		___lwdiv       		CODE           	109E	0000	116

C:\Program Files\Microchip\xc8\v3.00\pic\sources\c99\common\lwdiv.c estimated size: 116

C:\Program Files\Microchip\xc8\v3.00\pic\sources\c99\common\awdiv.c
		___awdiv       		CODE           	0CD2	0000	194

C:\Program Files\Microchip\xc8\v3.00\pic\sources\c99\common\awdiv.c estimated size: 194

C:\Program Files\Microchip\xc8\v3.00\pic\sources\c99\common\strcspn.c
		_strcspn       		CODE           	12A6	0000	90

C:\Program Files\Microchip\xc8\v3.00\pic\sources\c99\common\strcspn.c estimated size: 90

main.c
		_main          		CODE           	100E	0000	144
		_high_isr      		CODE           	0008	0000	166
		_low_isr       		CODE           	0018	0000	192

main.c estimated size: 502

C:\Program Files\Microchip\xc8\v3.00\pic\sources\c99\common\doprnt.c
		_vfpfcnvrt     		CODE           	086E	0000	362
		_vfprintf      		CODE           	159C	0000	62

C:\Program Files\Microchip\xc8\v3.00\pic\sources\c99\common\doprnt.c estimated size: 424

