Microchip MPLAB XC8 Compiler V3.00

Linker command line:

-W-3 \
  --edf=C:\Program Files\Microchip\xc8\v3.00\pic\dat\20241204225717_en.msgs \
  -cn -h+dist/default/production\final_project.X.production.sym \
  --cmf=dist/default/production\final_project.X.production.cmf -z -Q18F4520 \
  -oC:\Users\karen\AppData\Local\Temp\xcBs39s.1\driver_tmp_3.o \
  --defsym=__MPLAB_BUILD=1 --fixupoverflow=error \
  -Mdist/default/production/final_project.X.production.map \
  --md=C:\Users\karen\AppData\Local\Temp\xcBs39s.1\driver_tmp_0.dat -E1 \
  -ver=XC8 Compiler -ACODE=00h-07FFFh -ACONST=00h-07FFFh \
  -ASMALLCONST=0600h-06FFhx122 -AMEDIUMCONST=0600h-07FFFh -ACOMRAM=01h-07Fh \
  -AABS1=00h-05FFh -ABIGRAM=01h-05FFh -ARAM=080h-0FFh,0100h-01FFhx5 \
  -ABANK0=080h-0FFh -ABANK1=0100h-01FFh -ABANK2=0200h-02FFh \
  -ABANK3=0300h-03FFh -ABANK4=0400h-04FFh -ABANK5=0500h-05FFh \
  -ASFR=0F80h-0FFFh -ABIGSFR=0F80h-0FFFh -ACONFIG=0300000h-030000Dh \
  -AIDLOC=0200000h-0200007h -AEEDATA=0F00000h-0F000FFh -peeprom_data=EEDATA \
  -preset_vec=00h,intcode=8h,intcodelo=18h,sivt_lo,sivt_hi=CODE \
  -ppowerup=CODE,init -pramtop=0600h -psmallconst=SMALLCONST \
  -pmediumconst=MEDIUMCONST -pconst=CONST -AFARRAM=00h-00h \
  -prdata=COMRAM,nvrram=COMRAM,nvbit=COMRAM,rbss=COMRAM,rbit=COMRAM \
  -pfarbss=FARRAM,fardata=FARRAM,nvFARRAM=FARRAM \
  -pintsave_regs=BIGRAM,bigbss=BIGRAM,bigdata=BIGRAM -pbss=RAM \
  -pidata=CODE,irdata=CODE,ibigdata=CODE,ifardata=CODE -prparam=COMRAM \
  C:\Users\karen\AppData\Local\Temp\xcBs39s.1\driver_tmp_14.o \
  dist/default/production\final_project.X.production.o 

Object code version is 3.11

Machine type is 18F4520



                Name                               Link     Load   Length Selector   Space Scale
C:\Users\karen\AppData\Local\Temp\xcBs39s.1\driver_tmp_14.o
                idloc                            200000   200000        8        0       5
                config                           300000   300000        E        0       4
                init                                 E4       E4        4        C       0
                reset_vec                             0        0        4        0       0
dist/default/production\final_project.X.production.o
                intcodelo                            18       18       CC        C       0
                intcode                               8        8        6        4       0
                idloc                            200000   200000        8        0       5
                config                           300000   300000        E        0       4
                temp                                 65       65        1        1       1
                smallconst                          600      600       94      300       0
                text37                             19AA     19AA       1C      34A       0
                text36                             15C2     15C2       56      34A       0
                intcode_body                       125A     125A       A4      34A       0
                text34                             198E     198E       1C      34A       0
                text32                             1754     1754       40      34A       0
                text31                             13DE     13DE       6A      34A       0
                text30                             1372     1372       6C      34A       0
                text29                             12FE     12FE       74      34A       0
                text28                             1448     1448       64      34A       0
                text27                             1A00     1A00        2      D00       0
                text26                             11B0     11B0       AA      34A       0
                text25                              BA0      BA0      172      34A       0
                text24                             17D2     17D2       3E      34A       0
                text23                             18BA     18BA       34      34A       0
                text22                             191C     191C       2E      34A       0
                text21                             1972     1972       1C      34A       0
                text20                             156C     156C       56      34A       0
                text19                              D12      D12      12E      34A       0
                text18                             16BE     16BE       4E      34A       0
                text17                             19E0     19E0       1A      34A       0
                text16                             1618     1618       54      34A       0
                text15                             19C6     19C6       1A      34A       0
                text14                             1810     1810       3A      34A       0
                text13                              E40      E40      11C      34A       0
                text12                             1030     1030       C2      34A       0
                text11                             1882     1882       38      34A       0
                text10                              9A6      9A6      1FA      34A       0
                text9                              1794     1794       3E      34A       0
                text8                              170C     170C       48      34A       0
                text7                              150C     150C       60      34A       0
                text6                              14AC     14AC       60      34A       0
                text5                               F5C      F5C       D4      34A       0
                text4                              10F2     10F2       BE      34A       0
                text3                              18EE     18EE       2E      34A       0
                text2                              194A     194A       28      34A       0
                text1                              184A     184A       38      34A       0
                text0                               694      694      312      34A       0
                cstackCOMRAM                          1        1       55        1       1
                cstackBANK0                          80       80       4E       80       1
                bssBANK1                            100      100       A4      100       1
                dataBANK0                            DE       DE        5       80       1
                bssBANK0                             CE       CE       10       80       1
                bssCOMRAM                            56       56        F        1       1
                cinit                              166C     166C       52      34A       0
                idataBANK0                         19FA     19FA        5      34A       0

TOTAL           Name                               Link     Load   Length     Space
        CLASS   CODE           
                intcodelo                            18       18       CC         0
                intcode                               8        8        6         0
                init                                 E4       E4        4         0
                reset_vec                             0        0        4         0
                text37                             19AA     19AA       1C         0
                text36                             15C2     15C2       56         0
                intcode_body                       125A     125A       A4         0
                text34                             198E     198E       1C         0
                text32                             1754     1754       40         0
                text31                             13DE     13DE       6A         0
                text30                             1372     1372       6C         0
                text29                             12FE     12FE       74         0
                text28                             1448     1448       64         0
                text27                             1A00     1A00        2         0
                text26                             11B0     11B0       AA         0
                text25                              BA0      BA0      172         0
                text24                             17D2     17D2       3E         0
                text23                             18BA     18BA       34         0
                text22                             191C     191C       2E         0
                text21                             1972     1972       1C         0
                text20                             156C     156C       56         0
                text19                              D12      D12      12E         0
                text18                             16BE     16BE       4E         0
                text17                             19E0     19E0       1A         0
                text16                             1618     1618       54         0
                text15                             19C6     19C6       1A         0
                text14                             1810     1810       3A         0
                text13                              E40      E40      11C         0
                text12                             1030     1030       C2         0
                text11                             1882     1882       38         0
                text10                              9A6      9A6      1FA         0
                text9                              1794     1794       3E         0
                text8                              170C     170C       48         0
                text7                              150C     150C       60         0
                text6                              14AC     14AC       60         0
                text5                               F5C      F5C       D4         0
                text4                              10F2     10F2       BE         0
                text3                              18EE     18EE       2E         0
                text2                              194A     194A       28         0
                text1                              184A     184A       38         0
                text0                               694      694      312         0
                cinit                              166C     166C       52         0
                idataBANK0                         19FA     19FA        5         0

        CLASS   CONST          

        CLASS   SMALLCONST     
                smallconst                          600      600       94         0

        CLASS   MEDIUMCONST    

        CLASS   COMRAM         
                temp                                 65       65        1         1
                cstackCOMRAM                          1        1       55         1
                bssCOMRAM                            56       56        F         1

        CLASS   ABS1           

        CLASS   BIGRAM         

        CLASS   RAM            

        CLASS   BANK0          
                cstackBANK0                          80       80       4E         1
                dataBANK0                            DE       DE        5         1
                bssBANK0                             CE       CE       10         1

        CLASS   BANK1          
                bssBANK1                            100      100       A4         1

        CLASS   BANK2          

        CLASS   BANK3          

        CLASS   BANK4          

        CLASS   BANK5          

        CLASS   SFR            

        CLASS   BIGSFR         

        CLASS   CONFIG         
                config                           300000   300000        E         4

        CLASS   IDLOC          
                idloc                            200000   200000        8         5

        CLASS   EEDATA         

        CLASS   FARRAM         

        CLASS   HEAP           

        CLASS   STACK          



SEGMENTS        Name                           Load    Length   Top    Selector   Space  Class

                reset_vec                      000000  000004  000004         0       0  CODE    
                cstackCOMRAM                   000001  000065  000066         1       1  COMRAM  
                intcode                        000008  000006  00000E         4       0  CODE    
                intcodelo                      000018  0000D0  0000E8         C       0  CODE    
                cstackBANK0                    000080  000063  0000E3        80       1  BANK0   
                bssBANK1                       000100  0000A4  0001A4       100       1  BANK1   
                smallconst                     000600  000094  000694       300       0  SMALLCON
                text0                          000694  00136B  0019FF       34A       0  CODE    
                text27                         001A00  000002  001A02       D00       0  CODE    


UNUSED ADDRESS RANGES

        Name                Unused          Largest block    Delta
        BANK0            0000E3-0000FF               1D
        BANK1            0001A4-0001FF               5C
        BANK2            000200-0002FF              100
        BANK3            000300-0003FF              100
        BANK4            000400-0004FF              100
        BANK5            000500-0005FF              100
        BIGRAM           000066-00007F               1A
                         0000E3-0000FF               1D
                         0001A4-0005FF              45C
        BIGSFR           000F80-000FFF               80
        CODE             000004-000007                4
                         00000E-000017                A
                         0000E8-0005FF              518
                         0019FF-0019FF                1
                         001A02-007FFF             65FE
        COMRAM           000066-00007F               1A
        CONST            000004-000007                4
                         00000E-000017                A
                         0000E8-0005FF              518
                         0019FF-0019FF                1
                         001A02-007FFF             65FE
        EEDATA           F00000-F000FF              100
        MEDIUMCONST      0019FF-0019FF                1
                         001A02-007FFF             65FE
        RAM              0000E3-0000FF               1D
                         0001A4-0005FF              100
        SFR              000F80-000FFF               80
        SMALLCONST       0019FF-0019FF                1
                         001A02-007FFF              100

                                  Symbol Table

?___awdiv                      cstackCOMRAM 000016
?___lmul                       cstackCOMRAM 000016
?___lwdiv                      cstackCOMRAM 000016
?___lwmod                      cstackCOMRAM 000028
?_atoi                         cstackCOMRAM 000016
?_rand                         cstackCOMRAM 000022
?_sprintf                      cstackCOMRAM 00003B
?_strcspn                      cstackCOMRAM 00001A
?_strlen                       cstackCOMRAM 000016
?_strspn                       cstackCOMRAM 00001A
?_strtok                       cstackCOMRAM 000020
?_vfprintf                     cstackCOMRAM 000037
_ADCON1                        (abs)        000FC1
_BAUDCONbits                   (abs)        000FB8
_INTCON2bits                   (abs)        000FF1
_INTCONbits                    (abs)        000FF2
_IPR1bits                      (abs)        000F9F
_LATBbits                      (abs)        000F8A
_LATDbits                      (abs)        000F8C
_OSCCONbits                    (abs)        000FD3
_PIE1bits                      (abs)        000F9D
_PIR1bits                      (abs)        000F9E
_RCONbits                      (abs)        000FD0
_RCREG                         (abs)        000FAE
_RCSTAbits                     (abs)        000FAB
_SPBRG                         (abs)        000FAF
_SPBRGH                        (abs)        000FB0
_T0CONbits                     (abs)        000FD5
_T1CONbits                     (abs)        000FCD
_TMR0H                         (abs)        000FD7
_TMR0L                         (abs)        000FD6
_TMR1H                         (abs)        000FCF
_TMR1L                         (abs)        000FCE
_TRISBbits                     (abs)        000F93
_TRISCbits                     (abs)        000F94
_TRISDbits                     (abs)        000F95
_TXREG                         (abs)        000FAD
_TXSTAbits                     (abs)        000FAC
__HRAM                         (abs)        000000
__H__absolute__                __absolute__ 000000
__Habs1                        abs1         000000
__Hbank0                       bank0        000000
__Hbank1                       bank1        000000
__Hbank2                       bank2        000000
__Hbank3                       bank3        000000
__Hbank4                       bank4        000000
__Hbank5                       bank5        000000
__Hbigbss                      bigbss       000000
__Hbigdata                     bigdata      000000
__Hbigram                      bigram       000000
__Hbigsfr                      bigsfr       000000
__Hbss                         bss          000000
__HbssBANK0                    bssBANK0     000000
__HbssBANK1                    bssBANK1     000000
__HbssCOMRAM                   bssCOMRAM    000000
__Hcinit                       cinit        000000
__Hclrtext                     clrtext      000000
__Hcomram                      comram       000000
__Hconfig                      config       30000E
__Hconst                       const        000000
__HcstackBANK0                 cstackBANK0  000000
__HcstackCOMRAM                cstackCOMRAM 000000
__Hdata                        data         000000
__HdataBANK0                   dataBANK0    000000
__Heeprom_data                 eeprom_data  000000
__Hfarbss                      farbss       000000
__Hfardata                     fardata      000000
__Hheap                        heap         000000
__Hibigdata                    ibigdata     000000
__Hidata                       idata        000000
__HidataBANK0                  idataBANK0   000000
__Hidloc                       idloc        200008
__Hifardata                    ifardata     000000
__Hinit                        init         0000E8
__Hintcode                     intcode      00000E
__Hintcode_body                intcode_body 000000
__Hintcodelo                   intcodelo    0000E4
__Hintentry                    intentry     000000
__Hintret                      intret       000000
__Hintsave_regs                intsave_regs 000000
__Hirdata                      irdata       000000
__Hmediumconst                 mediumconst  000000
__HnvFARRAM                    nvFARRAM     000000
__Hnvbit                       nvbit        000000
__Hnvrram                      nvrram       000000
__Hparam                       rparam       000000
__Hpowerup                     powerup      000000
__Hram                         ram          000000
__Hramtop                      ramtop       000600
__Hrbit                        rbit         000000
__Hrbss                        rbss         000000
__Hrdata                       rdata        000000
__Hreset_vec                   reset_vec    000004
__Hrparam                      rparam       000000
__Hsfr                         sfr          000000
__Hsivt_hi                     sivt_hi      000000
__Hsivt_lo                     sivt_lo      0000E4
__Hsmallconst                  smallconst   000694
__Hspace_0                     (abs)        001A02
__Hspace_1                     (abs)        0001A4
__Hspace_2                     (abs)        000000
__Hspace_4                     (abs)        60000E
__Hstack                       stack        000000
__Hstruct                      struct       000000
__Htemp                        temp         000066
__Htext                        text         000000
__Htext0                       text0        000000
__Htext1                       text1        000000
__Htext10                      text10       000000
__Htext11                      text11       000000
__Htext12                      text12       000000
__Htext13                      text13       000000
__Htext14                      text14       000000
__Htext15                      text15       000000
__Htext16                      text16       000000
__Htext17                      text17       000000
__Htext18                      text18       000000
__Htext19                      text19       000000
__Htext2                       text2        000000
__Htext20                      text20       000000
__Htext21                      text21       000000
__Htext22                      text22       000000
__Htext23                      text23       000000
__Htext24                      text24       000000
__Htext25                      text25       000000
__Htext26                      text26       000000
__Htext27                      text27       000000
__Htext28                      text28       000000
__Htext29                      text29       000000
__Htext3                       text3        000000
__Htext30                      text30       000000
__Htext31                      text31       000000
__Htext32                      text32       000000
__Htext34                      text34       000000
__Htext36                      text36       000000
__Htext37                      text37       000000
__Htext4                       text4        000000
__Htext5                       text5        000000
__Htext6                       text6        000000
__Htext7                       text7        000000
__Htext8                       text8        000000
__Htext9                       text9        000000
__LRAM                         (abs)        000001
__L__absolute__                __absolute__ 000000
__Labs1                        abs1         000000
__Lbank0                       bank0        000000
__Lbank1                       bank1        000000
__Lbank2                       bank2        000000
__Lbank3                       bank3        000000
__Lbank4                       bank4        000000
__Lbank5                       bank5        000000
__Lbigbss                      bigbss       000000
__Lbigdata                     bigdata      000000
__Lbigram                      bigram       000000
__Lbigsfr                      bigsfr       000000
__Lbss                         bss          000000
__LbssBANK0                    bssBANK0     000000
__LbssBANK1                    bssBANK1     000000
__LbssCOMRAM                   bssCOMRAM    000000
__Lcinit                       cinit        000000
__Lclrtext                     clrtext      000000
__Lcomram                      comram       000000
__Lconfig                      config       000000
__Lconst                       const        000000
__LcstackBANK0                 cstackBANK0  000000
__LcstackCOMRAM                cstackCOMRAM 000000
__Ldata                        data         000000
__LdataBANK0                   dataBANK0    000000
__Leeprom_data                 eeprom_data  000000
__Lfarbss                      farbss       000000
__Lfardata                     fardata      000000
__Lheap                        heap         000000
__Libigdata                    ibigdata     000000
__Lidata                       idata        000000
__LidataBANK0                  idataBANK0   000000
__Lidloc                       idloc        000000
__Lifardata                    ifardata     000000
__Linit                        init         0000E4
__Lintcode                     intcode      000008
__Lintcode_body                intcode_body 000000
__Lintcodelo                   intcodelo    000018
__Lintentry                    intentry     000000
__Lintret                      intret       000000
__Lintsave_regs                intsave_regs 000000
__Lirdata                      irdata       000000
__Lmediumconst                 mediumconst  000000
__LnvFARRAM                    nvFARRAM     000000
__Lnvbit                       nvbit        000000
__Lnvrram                      nvrram       000000
__Lparam                       rparam       000000
__Lpowerup                     powerup      000000
__Lram                         ram          000000
__Lramtop                      ramtop       000600
__Lrbit                        rbit         000000
__Lrbss                        rbss         000000
__Lrdata                       rdata        000000
__Lreset_vec                   reset_vec    000000
__Lrparam                      rparam       000000
__Lsfr                         sfr          000000
__Lsivt_hi                     sivt_hi      000000
__Lsivt_lo                     sivt_lo      0000E4
__Lsmallconst                  smallconst   000600
__Lspace_0                     (abs)        000000
__Lspace_1                     (abs)        000000
__Lspace_2                     (abs)        000000
__Lspace_4                     (abs)        000000
__Lstack                       stack        000000
__Lstruct                      struct       000000
__Ltemp                        temp         000065
__Ltext                        text         000000
__Ltext0                       text0        000000
__Ltext1                       text1        000000
__Ltext10                      text10       000000
__Ltext11                      text11       000000
__Ltext12                      text12       000000
__Ltext13                      text13       000000
__Ltext14                      text14       000000
__Ltext15                      text15       000000
__Ltext16                      text16       000000
__Ltext17                      text17       000000
__Ltext18                      text18       000000
__Ltext19                      text19       000000
__Ltext2                       text2        000000
__Ltext20                      text20       000000
__Ltext21                      text21       000000
__Ltext22                      text22       000000
__Ltext23                      text23       000000
__Ltext24                      text24       000000
__Ltext25                      text25       000000
__Ltext26                      text26       000000
__Ltext27                      text27       000000
__Ltext28                      text28       000000
__Ltext29                      text29       000000
__Ltext3                       text3        000000
__Ltext30                      text30       000000
__Ltext31                      text31       000000
__Ltext32                      text32       000000
__Ltext34                      text34       000000
__Ltext36                      text36       000000
__Ltext37                      text37       000000
__Ltext4                       text4        000000
__Ltext5                       text5        000000
__Ltext6                       text6        000000
__Ltext7                       text7        000000
__Ltext8                       text8        000000
__Ltext9                       text9        000000
__S0                           (abs)        001A02
__S1                           (abs)        0001A4
__S4                           (abs)        000000
__S5                           (abs)        000000
___awdiv                       text12       001030
___awdiv@counter               cstackCOMRAM 00001A
___awdiv@dividend              cstackCOMRAM 000016
___awdiv@divisor               cstackCOMRAM 000018
___awdiv@quotient              cstackCOMRAM 00001C
___awdiv@sign                  cstackCOMRAM 00001B
___heap_hi                     (abs)        000000
___heap_lo                     (abs)        000000
___inthi_sp                    stack        000000
___inthi_stack_hi              stack        000000
___inthi_stack_lo              stack        000000
___intlo_sp                    stack        000000
___intlo_stack_hi              stack        000000
___intlo_stack_lo              stack        000000
___lmul                        text31       0013DE
___lmul@multiplicand           cstackCOMRAM 00001A
___lmul@multiplier             cstackCOMRAM 000016
___lmul@product                cstackCOMRAM 00001E
___lwdiv                       text29       0012FE
___lwdiv@counter               cstackCOMRAM 00001C
___lwdiv@dividend              cstackCOMRAM 000016
___lwdiv@divisor               cstackCOMRAM 000018
___lwdiv@quotient              cstackCOMRAM 00001A
___lwmod                       text28       001448
___lwmod@counter               cstackCOMRAM 00002C
___lwmod@dividend              cstackCOMRAM 000028
___lwmod@divisor               cstackCOMRAM 00002A
___param_bank                  (abs)        000000
___rparam_used                 (abs)        000001
___sp                          stack        000000
___stack_hi                    stack        000000
___stack_lo                    stack        000000
__accesstop                    (abs)        000080
__activetblptr                 (abs)        000002
__end_of___awdiv               text12       0010F2
__end_of___lmul                text31       001448
__end_of___lwdiv               text29       001372
__end_of___lwmod               text28       0014AC
__end_of__initialization       cinit        0016B0
__end_of_atoi                  text13       000F5C
__end_of_check_apple_eaten     text32       001794
__end_of_feed_snake_packet     text9        0017D2
__end_of_fputc                 text26       00125A
__end_of_generate_apple        text19       000E40
__end_of_hand_game_start       text15       0019E0
__end_of_handle_game_over      text14       00184A
__end_of_high_isr              intcode_body 0012FE
__end_of_low_isr               intcodelo    0000E4
__end_of_main                  text0        0009A6
__end_of_memset                text11       0018BA
__end_of_notice_to_music       text18       00170C
__end_of_parse_command_from_pc text4        0011B0
__end_of_putch                 text27       001A02
__end_of_rand                  text30       0013DE
__end_of_sprintf               text23       0018EE
__end_of_srand                 text17       0019FA
__end_of_srand_init            text16       00166C
__end_of_strchr                text8        001754
__end_of_strcspn               text7        00156C
__end_of_strlen                text22       00194A
__end_of_strspn                text6        00150C
__end_of_strtok                text5        001030
__end_of_system_init           text3        00191C
__end_of_timer_init            text2        001972
__end_of_uart_init             text1        001882
__end_of_uart_rx_from_player   text10       000BA0
__end_of_uart_send             text21       00198E
__end_of_uart_send_array       text20       0015C2
__end_of_vfpfcnvrt             text25       000D12
__end_of_vfprintf              text24       001810
__end_ofi1_uart_send           text34       0019AA
__end_ofi2_uart_send           text37       0019C6
__end_ofi2_uart_send_array     text36       001618
__initialization               cinit        00166C
__mediumconst                  smallconst   000600
__pbssBANK0                    bssBANK0     0000CE
__pbssBANK1                    bssBANK1     000100
__pbssCOMRAM                   bssCOMRAM    000056
__pcinit                       cinit        00166C
__pcstackBANK0                 cstackBANK0  000080
__pcstackCOMRAM                cstackCOMRAM 000001
__pdataBANK0                   dataBANK0    0000DE
__pidataBANK0                  idataBANK0   0019FA
__pintcode                     intcode      000008
__pintcode_body                intcode_body 00125A
__pintcodelo                   intcodelo    000018
__psmallconst                  smallconst   000600
__ptext0                       text0        000694
__ptext1                       text1        00184A
__ptext10                      text10       0009A6
__ptext11                      text11       001882
__ptext12                      text12       001030
__ptext13                      text13       000E40
__ptext14                      text14       001810
__ptext15                      text15       0019C6
__ptext16                      text16       001618
__ptext17                      text17       0019E0
__ptext18                      text18       0016BE
__ptext19                      text19       000D12
__ptext2                       text2        00194A
__ptext20                      text20       00156C
__ptext21                      text21       001972
__ptext22                      text22       00191C
__ptext23                      text23       0018BA
__ptext24                      text24       0017D2
__ptext25                      text25       000BA0
__ptext26                      text26       0011B0
__ptext27                      text27       001A00
__ptext28                      text28       001448
__ptext29                      text29       0012FE
__ptext3                       text3        0018EE
__ptext30                      text30       001372
__ptext31                      text31       0013DE
__ptext32                      text32       001754
__ptext34                      text34       00198E
__ptext36                      text36       0015C2
__ptext37                      text37       0019AA
__ptext4                       text4        0010F2
__ptext5                       text5        000F5C
__ptext6                       text6        0014AC
__ptext7                       text7        00150C
__ptext8                       text8        00170C
__ptext9                       text9        001794
__ramtop                       ramtop       000600
__smallconst                   smallconst   000600
_apple_eaten                   bssBANK0     0000D2
_atoi                          text13       000E40
_check_apple_eaten             text32       001754
_dbuf                          bssBANK1     000100
_feed_snake_packet             text9        001794
_flags                         bssCOMRAM    00005E
_fputc                         text26       0011B0
_game_start                    bssBANK0     0000D3
_generate_apple                text19       000D12
_hand_game_start               text15       0019C6
_handle_game_over              text14       001810
_high_isr                      intcode      000008
_is_game_over                  bssBANK0     0000D1
_low_isr                       intcodelo    000018
_main                          text0        000694
_memset                        text11       001882
_notice_to_music               text18       0016BE
_parse_command_from_pc         text4        0010F2
_pos                           bssBANK0     0000D4
_prec                          bssCOMRAM    00005A
_putch                         text27       001A00
_rand                          text30       001372
_sec_counter                   bssCOMRAM    00005C
_seed                          bssCOMRAM    000061
_snake_len_rx                  dataBANK0    0000E2
_snake_updated                 bssBANK0     0000D0
_snake_x_rx                    bssBANK1     000152
_snake_y_rx                    bssBANK1     000120
_sprintf                       text23       0018BA
_srand                         text17       0019E0
_srand_init                    text16       001618
_strchr                        text8        00170C
_strcspn                       text7        00150C
_strlen                        text22       00191C
_strspn                        text6        0014AC
_strtok                        text5        000F5C
_system_init                   text3        0018EE
_timer_init                    text2        00194A
_uart_init                     text1        00184A
_uart_line_ready               bssBANK0     0000CF
_uart_rx_buf                   bssBANK1     000184
_uart_rx_from_player           text10       0009A6
_uart_rx_idx                   bssBANK0     0000CE
_uart_send                     text21       001972
_uart_send_array               text20       00156C
_vfpfcnvrt                     text25       000BA0
_vfprintf                      text24       0017D2
_width                         bssCOMRAM    000058
atoi@n                         cstackCOMRAM 00001C
atoi@neg                       cstackCOMRAM 00001B
atoi@s                         cstackCOMRAM 000016
btemp                          temp         000065
check_apple_eaten@apple_x      cstackCOMRAM 000019
check_apple_eaten@apple_y      cstackCOMRAM 000016
check_apple_eaten@pos          cstackCOMRAM 000017
end_of_initialization          cinit        0016B0
feed_snake_packet@i            cstackCOMRAM 000027
feed_snake_packet@pos          cstackCOMRAM 000026
fputc@c                        cstackCOMRAM 000016
fputc@fp                       cstackCOMRAM 000018
generate_apple@buff            cstackBANK0  000080
generate_apple@i               cstackBANK0  0000A1
generate_apple@is_different    cstackBANK0  0000A0
generate_apple@len             cstackCOMRAM 000050
generate_apple@pos             cstackCOMRAM 00004F
generate_apple@x               cstackCOMRAM 00004D
generate_apple@y               cstackCOMRAM 00004E
handle_game_over@buff          cstackBANK0  000080
i1_uart_send                   text34       00198E
i1uart_send@c                  cstackCOMRAM 00000F
i2_uart_send                   text37       0019AA
i2_uart_send_array             text36       0015C2
i2uart_send@c                  cstackCOMRAM 000001
i2uart_send_array@c            cstackCOMRAM 000002
i2uart_send_array@i            cstackCOMRAM 000008
i2uart_send_array@len          cstackCOMRAM 000004
int$flags                      temp         000065
int_func                       intcode_body 00125A
intlevel0                      text         000000
intlevel1                      text         000000
intlevel2                      text         000000
intlevel3                      text         000000
isa$std                        (abs)        000001
isa$xinst                      (abs)        000000
low_isr@c                      cstackCOMRAM 000015
main@apple_x                   cstackBANK0  0000CC
main@apple_y                   cstackBANK0  0000CD
main@buff                      cstackBANK0  0000A3
main@first_frame               cstackBANK0  0000C4
main@i                         cstackBANK0  0000C8
main@i_391                     cstackBANK0  0000C6
main@i_392                     cstackBANK0  0000C5
main@i_395                     cstackBANK0  0000CA
main@prev_tail_y               cstackBANK0  0000C3
memset@c                       cstackCOMRAM 000018
memset@dest                    cstackCOMRAM 000016
memset@n                       cstackCOMRAM 00001A
memset@p                       cstackCOMRAM 00001C
notice_to_music@type           cstackCOMRAM 000016
parse_command_from_pc@idx      cstackCOMRAM 000036
parse_command_from_pc@line     cstackCOMRAM 000029
parse_command_from_pc@p        cstackCOMRAM 000032
parse_command_from_pc@pos      cstackCOMRAM 00002C
parse_command_from_pc@token    cstackCOMRAM 000037
parse_command_from_pc@val      cstackCOMRAM 000034
sprintf@ap                     cstackCOMRAM 000041
sprintf@f                      cstackCOMRAM 000042
sprintf@fmt                    cstackCOMRAM 00003C
sprintf@s                      cstackCOMRAM 00003B
srand@s                        cstackCOMRAM 000016
srand_init@buff                cstackBANK0  000080
srand_init@seed                cstackBANK0  0000A0
stackhi                        (abs)        000000
stacklo                        (abs)        000000
start                          init         0000E4
start_initialization           cinit        00166C
strchr@c                       cstackCOMRAM 000017
strchr@s                       cstackCOMRAM 000016
strcspn@c                      cstackCOMRAM 00001C
strcspn@i                      cstackCOMRAM 00001E
strcspn@s                      cstackCOMRAM 00001A
strlen@a                       cstackCOMRAM 000018
strlen@s                       cstackCOMRAM 000016
strspn@c                       cstackCOMRAM 00001C
strspn@i                       cstackCOMRAM 00001E
strspn@s                       cstackCOMRAM 00001A
strtok@p                       bssCOMRAM    000056
strtok@s                       cstackCOMRAM 000020
strtok@sep                     cstackCOMRAM 000022
ttemp5                         temp         000066
ttemp6                         temp         000069
ttemp7                         temp         00006D
uart_init@brg16                cstackCOMRAM 00001C
uart_init@brgh                 cstackCOMRAM 00001A
uart_init@gen_reg              cstackCOMRAM 000016
uart_init@sync                 cstackCOMRAM 000018
uart_rx_from_player@c          cstackCOMRAM 000023
uart_rx_from_player@i          cstackCOMRAM 000024
uart_rx_from_player@rx_index   bssCOMRAM    00005F
uart_rx_from_player@rx_state   bssCOMRAM    000060
uart_send@c                    cstackCOMRAM 000016
uart_send_array@c              cstackCOMRAM 000019
uart_send_array@i              cstackCOMRAM 00001F
uart_send_array@len            cstackCOMRAM 00001B
vfpfcnvrt@ap                   cstackCOMRAM 00002F
vfpfcnvrt@c                    cstackCOMRAM 000036
vfpfcnvrt@convarg              cstackCOMRAM 000031
vfpfcnvrt@cp                   cstackCOMRAM 000035
vfpfcnvrt@fmt                  cstackCOMRAM 00002E
vfpfcnvrt@fp                   cstackCOMRAM 00002D
vfprintf@ap                    cstackCOMRAM 000039
vfprintf@cfmt                  cstackCOMRAM 00003A
vfprintf@fmt                   cstackCOMRAM 000038
vfprintf@fp                    cstackCOMRAM 000037
wtemp8                         temp         000066


MODULE INFORMATION

Module		Function		Class		Link	Load	Size
C:\Program Files\Microchip\xc8\v3.00\pic\sources\c99\common\strspn.c
		_strspn        		CODE           	14AC	0000	96

C:\Program Files\Microchip\xc8\v3.00\pic\sources\c99\common\strspn.c estimated size: 96

putty_test.c
		_feed_snake_packet		CODE           	1794	0000	62
		_parse_command_from_pc		CODE           	10F2	0000	190

putty_test.c estimated size: 252

C:\Program Files\Microchip\xc8\v3.00\pic\sources\c99\common\nf_fputc.c
		_fputc         		CODE           	11B0	0000	170

C:\Program Files\Microchip\xc8\v3.00\pic\sources\c99\common\nf_fputc.c estimated size: 170

C:\Program Files\Microchip\xc8\v3.00\pic\sources\c99\common\nf_sprintf.c
		_sprintf       		CODE           	18BA	0000	52

C:\Program Files\Microchip\xc8\v3.00\pic\sources\c99\common\nf_sprintf.c estimated size: 52

C:\Program Files\Microchip\xc8\v3.00\pic\sources\c99\common\strtok.c
		_strtok        		CODE           	0F5C	0000	212

C:\Program Files\Microchip\xc8\v3.00\pic\sources\c99\common\strtok.c estimated size: 212

C:\Program Files\Microchip\xc8\v3.00\pic\sources\c99\common\rand.c
		_srand         		CODE           	19E0	0000	26
		_rand          		CODE           	1372	0000	108

C:\Program Files\Microchip\xc8\v3.00\pic\sources\c99\common\rand.c estimated size: 134

C:\Program Files\Microchip\xc8\v3.00\pic\sources\c99\common\lwmod.c
		___lwmod       		CODE           	1448	0000	100

C:\Program Files\Microchip\xc8\v3.00\pic\sources\c99\common\lwmod.c estimated size: 100

C:\Program Files\Microchip\xc8\v3.00\pic\sources\c99\common\atoi.c
		_atoi          		CODE           	0E40	0000	284

C:\Program Files\Microchip\xc8\v3.00\pic\sources\c99\common\atoi.c estimated size: 284

C:\Program Files\Microchip\xc8\v3.00\pic\sources\c99\common\putch.c
		_putch         		CODE           	1A00	0000	2

C:\Program Files\Microchip\xc8\v3.00\pic\sources\c99\common\putch.c estimated size: 2

C:\Program Files\Microchip\xc8\v3.00\pic\sources\c99\common\Umul32.c
		___lmul        		CODE           	13DE	0000	106

C:\Program Files\Microchip\xc8\v3.00\pic\sources\c99\common\Umul32.c estimated size: 106

shared
		i2_uart_send_array		CODE           	15C2	0000	86
		__initialization		CODE           	166C	0000	68
		i1_uart_send   		CODE           	198E	0000	28
		i2_uart_send   		CODE           	19AA	0000	28

shared estimated size: 210

master.c
		_system_init   		CODE           	18EE	0000	46
		_notice_to_music		CODE           	16BE	0000	78
		_check_apple_eaten		CODE           	1754	0000	64
		_handle_game_over		CODE           	1810	0000	58
		_timer_init    		CODE           	194A	0000	40
		_srand_init    		CODE           	1618	0000	84
		_hand_game_start		CODE           	19C6	0000	26
		_generate_apple		CODE           	0D12	0000	302

master.c estimated size: 698

uart_layer.c
		_uart_send_array		CODE           	156C	0000	86
		_uart_init     		CODE           	184A	0000	56
		_uart_send     		CODE           	1972	0000	28
		_uart_rx_from_player		CODE           	09A6	0000	506

uart_layer.c estimated size: 676

C:\Program Files\Microchip\xc8\v3.00\pic\sources\c99\common\strlen.c
		_strlen        		CODE           	191C	0000	46

C:\Program Files\Microchip\xc8\v3.00\pic\sources\c99\common\strlen.c estimated size: 46

C:\Program Files\Microchip\xc8\v3.00\pic\sources\c99\common\strchr.c
		_strchr        		CODE           	170C	0000	72

C:\Program Files\Microchip\xc8\v3.00\pic\sources\c99\common\strchr.c estimated size: 72

C:\Program Files\Microchip\xc8\v3.00\pic\sources\c99\common\memset.c
		_memset        		CODE           	1882	0000	56

C:\Program Files\Microchip\xc8\v3.00\pic\sources\c99\common\memset.c estimated size: 56

C:\Program Files\Microchip\xc8\v3.00\pic\sources\c99\common\lwdiv.c
		___lwdiv       		CODE           	12FE	0000	116

C:\Program Files\Microchip\xc8\v3.00\pic\sources\c99\common\lwdiv.c estimated size: 116

C:\Program Files\Microchip\xc8\v3.00\pic\sources\c99\common\awdiv.c
		___awdiv       		CODE           	1030	0000	194

C:\Program Files\Microchip\xc8\v3.00\pic\sources\c99\common\awdiv.c estimated size: 194

C:\Program Files\Microchip\xc8\v3.00\pic\sources\c99\common\strcspn.c
		_strcspn       		CODE           	150C	0000	96

C:\Program Files\Microchip\xc8\v3.00\pic\sources\c99\common\strcspn.c estimated size: 96

main.c
		_main          		CODE           	0694	0000	786
		_high_isr      		CODE           	0008	0000	170
		_low_isr       		CODE           	0018	0000	204

main.c estimated size: 1160

C:\Program Files\Microchip\xc8\v3.00\pic\sources\c99\common\doprnt.c
		_vfpfcnvrt     		CODE           	0BA0	0000	370
		_vfprintf      		CODE           	17D2	0000	62

C:\Program Files\Microchip\xc8\v3.00\pic\sources\c99\common\doprnt.c estimated size: 432

